<html>
<body>
<pre>
<h1>µVision Build Log</h1>
<h2>Tool Versions:</h2>
IDE-Version: µVision V5.31.0.0
Copyright (C) 2020 ARM Ltd and ARM Germany GmbH. All rights reserved.
License Information: Eric Praetzel, ECE DEpt, LIC=----
 
Tool Versions:
Toolchain:       MDK-Lite  Version: 5.31.0.0
Toolchain Path:  C:\Software\Keil_v5\ARM\ARMCC\Bin
C Compiler:      Armcc.exe V5.06 update 6 (build 750)
Assembler:       Armasm.exe V5.06 update 6 (build 750)
Linker/Locator:  ArmLink.exe V5.06 update 6 (build 750)
Library Manager: ArmAr.exe V5.06 update 6 (build 750)
Hex Converter:   FromElf.exe V5.06 update 6 (build 750)
CPU DLL:         SARMCM3.DLL V5.31.0.0
Dialog DLL:      DCM.DLL V1.17.3.0
Target DLL:      UL2CM3.DLL V1.163.4.0
Dialog DLL:      TCM.DLL V1.46.0.0
 
<h2>Project:</h2>
\\ecfile1.uwaterloo.ca\i26gupta\My Documents\LAB5_GAME\Lab2.uvprojx
Project File Date:  07/15/2022

<h2>Output:</h2>
*** Using Compiler 'V5.06 update 6 (build 750)', folder: 'C:\Software\Keil_v5\ARM\ARMCC\Bin'
Rebuild target 'Target 1'
compiling Retarget.c...
compiling GLCD_Scroll.c...
compiling GLCD_SPI_LPC1700.c...
compiling uart.c...
compiling spece.c...
compiling p2_main.c...
compiling gameLogic.c...
gameLogic.c(66): warning:  #223-D: function "printEnemy1" declared implicitly
  		printEnemy1(enemy1);
gameLogic.c(67): warning:  #223-D: function "printEnemy2" declared implicitly
  		printEnemy2(enemy2);
gameLogic.c(68): warning:  #223-D: function "printEnemy3" declared implicitly
  		printEnemy3(enemy3);
gameLogic.c(138): warning:  #223-D: function "printPlayerpush" declared implicitly
  					printPlayerpush(player);
gameLogic.c: 4 warnings, 0 errors
compiling rtx_lib.c...
assembling startup_LPC17xx.s...
compiling system_LPC17xx.c...
compiling RTX_Config.c...
linking...
Program Size: Code=12328 RO-data=6796 RW-data=9712 ZI-data=16520  
".\Objects\Lab2.axf" - 0 Error(s), 4 Warning(s).

<h2>Software Packages used:</h2>

Package Vendor: ARM
                http://www.keil.com/pack/ARM.CMSIS.5.8.0.pack
                ARM.CMSIS.5.8.0
                CMSIS (Common Microcontroller Software Interface Standard)
   * Component: RTOS2 Version: 2.1.3
   * Component: CORE Version: 5.5.0
   * Component: Keil RTX5 Variant: Library Version: 5.5.3

Package Vendor: Keil
                http://www.keil.com/pack/Keil.LPC1700_DFP.2.7.0.pack
                Keil.LPC1700_DFP.2.7.0
                NXP LPC1700 Series Device Support, Drivers and Examples for MCB1700 and LPC1788-32
   * Component: Startup Version: 1.0.0

<h2>Collection of Component include folders:</h2>
  .\RTE\CMSIS
  .\RTE\Device\LPC1768
  .\RTE\_Target_1
  C:\Software\Keil_v5\ARM\PACK\ARM\CMSIS\5.8.0\CMSIS\Core\Include
  C:\Software\Keil_v5\ARM\PACK\ARM\CMSIS\5.8.0\CMSIS\RTOS2\Include
  C:\Software\Keil_v5\ARM\PACK\ARM\CMSIS\5.8.0\CMSIS\RTOS2\RTX\Include
  C:\Software\Keil_v5\ARM\PACK\Keil\LPC1700_DFP\2.7.0\Device\Include

<h2>Collection of Component Files used:</h2>

   * Component: ::CMSIS:RTOS2:2.1.3 (API)
      Include file:  CMSIS\RTOS2\Include\cmsis_os2.h

   * Component: ARM::CMSIS:CORE:5.5.0

   * Component: ARM::CMSIS:RTOS2:Keil RTX5:Library:5.5.3
      Source file:   CMSIS\RTOS2\RTX\Template\MsgQueue.c
      Source file:   CMSIS\RTOS2\RTX\Template\Mutex.c
      Include file:  CMSIS\RTOS2\RTX\Include\rtx_os.h
      Source file:   CMSIS\RTOS2\RTX\Template\Semaphore.c
      Source file:   CMSIS\RTOS2\RTX\Template\Thread.c
      Source file:   CMSIS\RTOS2\RTX\Template\Timer.c
      Source file:   CMSIS\RTOS2\RTX\Source\rtx_lib.c
      Source file:   CMSIS\RTOS2\RTX\Template\svc_user.c
      Source file:   CMSIS\RTOS2\RTX\Template\MemPool.c
      Include file:  CMSIS\RTOS2\RTX\Config\RTX_Config.h
      Source file:   CMSIS\RTOS2\RTX\Config\RTX_Config.c
      Source file:   CMSIS\RTOS2\RTX\Template\Events.c
      Source file:   CMSIS\RTOS2\RTX\Template\main.c
      Library file:  CMSIS\RTOS2\RTX\Library\ARM\RTX_CM3.lib

   * Component: Keil::Device:Startup:1.0.0
      Source file:   Device\Source\ARM\startup_LPC17xx.s
      Include file:  Device\Include\LPC17xx.h
      Include file:  RTE_Driver\Config\RTE_Device.h
      Source file:   Device\Source\system_LPC17xx.c
Build Time Elapsed:  00:00:01
</pre>
</body>
</html>
